com/base/service/config/interceptor/RestTemplateInterceptor.class
com/base/service/entity/BaseEntityWithDeletedToken.class
com/base/utils/ESQueryUtil.class
com/base/utils/ValidationUtil.class
com/base/service/config/interceptor/InterceptorConfig$1.class
com/base/service/entity/BaseEntityWithDeletedToken$BaseEntityWithDeletedTokenBuilder.class
com/base/service/config/auth/Authorize.class
com/base/service/mapper/BaseMapper.class
com/base/service/config/interceptor/RequestInterceptor.class
com/base/jpadatasource/aop/ReadOnlyRouteInterceptor.class
com/base/service/entity/BaseEntity.class
com/base/jpadatasource/DataSourceConfig.class
com/base/aws/AwsSesUtil.class
com/base/service/entity/QBaseEntityWithDeletedToken.class
com/base/kafka/KafkaConsumerConfig.class
com/base/service/config/auth/AuthorizeImpl.class
com/base/aws/AwsSNSUtil.class
com/base/service/repository/BaseRepository.class
com/base/service/config/aws/AWSListener.class
com/base/service/entity/QBaseEntityWithDeleted.class
com/base/service/health/HeartBeatController.class
com/base/service/BaseService.class
com/base/utils/SearchUtility.class
com/base/jpadatasource/RoutingDataSource$Route.class
com/base/service/config/interceptor/ControllerExceptionHandler.class
com/base/service/config/auth/AuthorizeAspect.class
com/base/cache/CacheConfig.class
com/base/utils/CsvUtil.class
com/base/utils/CommonsUtil.class
com/base/service/entity/BaseEntity$BaseEntityBuilder.class
com/base/service/config/aws/AwsS3Config.class
com/base/service/config/aws/AwsMailConfig.class
com/base/kafka/KafkaProducerConfig.class
com/base/aws/AwsS3Util.class
com/base/service/config/aws/AwsSNSConfig.class
com/base/service/BaseController.class
com/base/service/entity/BaseEntityWithDeleted.class
com/base/service/entity/QBaseEntity.class
com/base/service/config/aws/AWSPublisher.class
com/base/service/config/Beans.class
com/base/service/config/interceptor/InterceptorConfig.class
com/base/service/entity/BaseEntityWithDeleted$BaseEntityWithDeletedBuilder.class
com/base/jpadatasource/RoutingDataSource.class
com/base/utils/JwtUtil.class
