com/base/commons/enums/Role.class
com/base/commons/enums/Locale.class
com/base/commons/exception/UnauthorizedException.class
com/base/commons/response/PageDetail.class
com/base/commons/codes/BaseErrorCodes.class
com/base/commons/enums/RequestSource.class
com/base/commons/response/BaseResponse.class
com/base/commons/exception/BadRequestException.class
com/base/commons/codes/BaseMessages.class
com/base/commons/utils/BaseConstants.class
com/base/commons/utils/Context.class
com/base/commons/utils/ContextInfo.class
com/base/commons/utils/DateTimeUtils.class
com/base/commons/entry/BaseEntry.class
com/base/commons/exception/RecordExistsException.class
com/base/commons/exception/EmptyDataException.class
com/base/commons/enums/APIVersion.class
com/base/commons/enums/ESEventType.class
com/base/commons/response/PageResponse.class
com/base/commons/utils/IdUtil.class
com/base/commons/response/Status.class
com/base/commons/response/GenericResponse.class
com/base/commons/entry/FileUploadEntry.class
com/base/commons/entry/FileUploadEntry$FileUploadEntryBuilder.class
com/base/commons/utils/MapperUtils.class
com/base/commons/utils/PageUtil.class
com/base/commons/enums/ResponseType.class
com/base/commons/graphql/GraphQLQuery.class
com/base/commons/exception/ServiceException.class
com/base/commons/exception/BaseException.class
