/Users/shubhamgupta/git/base-framework/commons/src/main/java/com/base/commons/enums/ResponseType.java
/Users/shubhamgupta/git/base-framework/commons/src/main/java/com/base/commons/enums/APIVersion.java
/Users/shubhamgupta/git/base-framework/commons/src/main/java/com/base/commons/entry/BaseEntry.java
/Users/shubhamgupta/git/base-framework/commons/src/main/java/com/base/commons/exception/EmptyDataException.java
/Users/shubhamgupta/git/base-framework/commons/src/main/java/com/base/commons/utils/PageUtil.java
/Users/shubhamgupta/git/base-framework/commons/src/main/java/com/base/commons/exception/RecordExistsException.java
/Users/shubhamgupta/git/base-framework/commons/src/main/java/com/base/commons/exception/BadRequestException.java
/Users/shubhamgupta/git/base-framework/commons/src/main/java/com/base/commons/utils/Context.java
/Users/shubhamgupta/git/base-framework/commons/src/main/java/com/base/commons/codes/BaseMessages.java
/Users/shubhamgupta/git/base-framework/commons/src/main/java/com/base/commons/exception/UnauthorizedException.java
/Users/shubhamgupta/git/base-framework/commons/src/main/java/com/base/commons/utils/IdUtil.java
/Users/shubhamgupta/git/base-framework/commons/src/main/java/com/base/commons/enums/ESEventType.java
/Users/shubhamgupta/git/base-framework/commons/src/main/java/com/base/commons/response/PageResponse.java
/Users/shubhamgupta/git/base-framework/commons/src/main/java/com/base/commons/utils/DateTimeUtils.java
/Users/shubhamgupta/git/base-framework/commons/src/main/java/com/base/commons/response/BaseResponse.java
/Users/shubhamgupta/git/base-framework/commons/src/main/java/com/base/commons/utils/BaseConstants.java
/Users/shubhamgupta/git/base-framework/commons/src/main/java/com/base/commons/enums/RequestSource.java
/Users/shubhamgupta/git/base-framework/commons/src/main/java/com/base/commons/response/Status.java
/Users/shubhamgupta/git/base-framework/commons/src/main/java/com/base/commons/enums/Role.java
/Users/shubhamgupta/git/base-framework/commons/src/main/java/com/base/commons/response/GenericResponse.java
/Users/shubhamgupta/git/base-framework/commons/src/main/java/com/base/commons/exception/ServiceException.java
/Users/shubhamgupta/git/base-framework/commons/src/main/java/com/base/commons/exception/BaseException.java
/Users/shubhamgupta/git/base-framework/commons/src/main/java/com/base/commons/utils/ContextInfo.java
/Users/shubhamgupta/git/base-framework/commons/src/main/java/com/base/commons/response/PageDetail.java
/Users/shubhamgupta/git/base-framework/commons/src/main/java/com/base/commons/utils/MapperUtils.java
/Users/shubhamgupta/git/base-framework/commons/src/main/java/com/base/commons/enums/Locale.java
/Users/shubhamgupta/git/base-framework/commons/src/main/java/com/base/commons/graphql/GraphQLQuery.java
/Users/shubhamgupta/git/base-framework/commons/src/main/java/com/base/commons/codes/BaseErrorCodes.java
/Users/shubhamgupta/git/base-framework/commons/src/main/java/com/base/commons/entry/FileUploadEntry.java
