/Users/shubhamgupta/git/base-framework/service/src/main/java/com/base/utils/CommonsUtil.java
/Users/shubhamgupta/git/base-framework/service/src/main/java/com/base/utils/SearchUtility.java
/Users/shubhamgupta/git/base-framework/service/target/generated-sources/java/com/base/service/entity/QBaseEntity.java
/Users/shubhamgupta/git/base-framework/service/src/main/java/com/base/service/config/interceptor/InterceptorConfig.java
/Users/shubhamgupta/git/base-framework/service/src/main/java/com/base/service/health/HeartBeatController.java
/Users/shubhamgupta/git/base-framework/service/target/generated-sources/java/com/base/service/entity/QBaseEntityWithDeletedToken.java
/Users/shubhamgupta/git/base-framework/service/src/main/java/com/base/service/config/Beans.java
/Users/shubhamgupta/git/base-framework/service/src/main/java/com/base/jpadatasource/aop/ReadOnlyRouteInterceptor.java
/Users/shubhamgupta/git/base-framework/service/src/main/java/com/base/utils/JwtUtil.java
/Users/shubhamgupta/git/base-framework/service/src/main/java/com/base/service/repository/BaseRepository.java
/Users/shubhamgupta/git/base-framework/service/src/main/java/com/base/utils/ESQueryUtil.java
/Users/shubhamgupta/git/base-framework/service/src/main/java/com/base/cache/CacheConfig.java
/Users/shubhamgupta/git/base-framework/service/src/main/java/com/base/kafka/KafkaConsumerConfig.java
/Users/shubhamgupta/git/base-framework/service/src/main/java/com/base/jpadatasource/RoutingDataSource.java
/Users/shubhamgupta/git/base-framework/service/src/main/java/com/base/utils/CsvUtil.java
/Users/shubhamgupta/git/base-framework/service/src/main/java/com/base/service/config/aws/AWSPublisher.java
/Users/shubhamgupta/git/base-framework/service/src/main/java/com/base/aws/AwsSesUtil.java
/Users/shubhamgupta/git/base-framework/service/src/main/java/com/base/service/mapper/BaseMapper.java
/Users/shubhamgupta/git/base-framework/service/src/main/java/com/base/kafka/KafkaProducerConfig.java
/Users/shubhamgupta/git/base-framework/service/src/main/java/com/base/service/config/aws/AwsMailConfig.java
/Users/shubhamgupta/git/base-framework/service/src/main/java/com/base/service/entity/BaseEntityWithDeleted.java
/Users/shubhamgupta/git/base-framework/service/src/main/java/com/base/service/config/aws/AWSListener.java
/Users/shubhamgupta/git/base-framework/service/src/main/java/com/base/service/config/interceptor/RequestInterceptor.java
/Users/shubhamgupta/git/base-framework/service/src/main/java/com/base/service/BaseService.java
/Users/shubhamgupta/git/base-framework/service/src/main/java/com/base/utils/ValidationUtil.java
/Users/shubhamgupta/git/base-framework/service/target/generated-sources/java/com/base/service/entity/QBaseEntityWithDeleted.java
/Users/shubhamgupta/git/base-framework/service/src/main/java/com/base/service/config/auth/AuthorizeAspect.java
/Users/shubhamgupta/git/base-framework/service/src/main/java/com/base/service/config/auth/Authorize.java
/Users/shubhamgupta/git/base-framework/service/src/main/java/com/base/service/config/interceptor/ControllerExceptionHandler.java
/Users/shubhamgupta/git/base-framework/service/src/main/java/com/base/jpadatasource/DataSourceConfig.java
/Users/shubhamgupta/git/base-framework/service/src/main/java/com/base/service/config/aws/AwsS3Config.java
/Users/shubhamgupta/git/base-framework/service/src/main/java/com/base/aws/AwsSNSUtil.java
/Users/shubhamgupta/git/base-framework/service/src/main/java/com/base/service/entity/BaseEntityWithDeletedToken.java
/Users/shubhamgupta/git/base-framework/service/src/main/java/com/base/service/config/interceptor/RestTemplateInterceptor.java
/Users/shubhamgupta/git/base-framework/service/src/main/java/com/base/service/entity/BaseEntity.java
/Users/shubhamgupta/git/base-framework/service/src/main/java/com/base/service/config/auth/AuthorizeImpl.java
/Users/shubhamgupta/git/base-framework/service/src/main/java/com/base/aws/AwsS3Util.java
/Users/shubhamgupta/git/base-framework/service/src/main/java/com/base/service/BaseController.java
/Users/shubhamgupta/git/base-framework/service/src/main/java/com/base/service/config/aws/AwsSNSConfig.java
